// Jest Snapshot v1, https://goo.gl/fbAQLP

exports[`Health ActionCreator requests timeseries 1`] = `
Object {
  "includePrevious": undefined,
  "project": Array [
    Object {
      "hasAccess": true,
      "id": "2",
      "isBookmarked": false,
      "isMember": true,
      "name": "Project Name",
      "slug": "project-slug",
      "teams": Array [],
    },
  ],
  "statsPeriod": undefined,
  "tag": "release",
  "topk": 5,
}
`;

exports[`Health ActionCreator requests top 1`] = `
Object {
  "includePrevious": undefined,
  "project": Array [
    Object {
      "hasAccess": true,
      "id": "2",
      "isBookmarked": false,
      "isMember": true,
      "name": "Project Name",
      "slug": "project-slug",
      "teams": Array [],
    },
  ],
  "statsPeriod": undefined,
  "tag": "release",
  "topk": 5,
}
`;
